Archive member included to satisfy reference by file (symbol)

/home/gustavo/Aplicativos/gcc-arm-none-eabi-8-2018-q4-major/bin/../lib/gcc/arm-none-eabi/8.2.1/../../../../arm-none-eabi/lib/thumb/v7e-m/nofp/libg_nano.a(lib_a-errno.o)
                              ./system/src/newlib/_sbrk.o (__errno)
/home/gustavo/Aplicativos/gcc-arm-none-eabi-8-2018-q4-major/bin/../lib/gcc/arm-none-eabi/8.2.1/../../../../arm-none-eabi/lib/thumb/v7e-m/nofp/libg_nano.a(lib_a-impure.o)
                              /home/gustavo/Aplicativos/gcc-arm-none-eabi-8-2018-q4-major/bin/../lib/gcc/arm-none-eabi/8.2.1/../../../../arm-none-eabi/lib/thumb/v7e-m/nofp/libg_nano.a(lib_a-errno.o) (_impure_ptr)
/home/gustavo/Aplicativos/gcc-arm-none-eabi-8-2018-q4-major/bin/../lib/gcc/arm-none-eabi/8.2.1/../../../../arm-none-eabi/lib/thumb/v7e-m/nofp/libg_nano.a(lib_a-strlen.o)
                              ./system/src/diag/Trace.o (strlen)
/home/gustavo/Aplicativos/gcc-arm-none-eabi-8-2018-q4-major/bin/../lib/gcc/arm-none-eabi/8.2.1/../../../../arm-none-eabi/lib/thumb/v7e-m/nofp/libg_nano.a(lib_a-vsnprintf.o)
                              ./system/src/diag/Trace.o (vsnprintf)
/home/gustavo/Aplicativos/gcc-arm-none-eabi-8-2018-q4-major/bin/../lib/gcc/arm-none-eabi/8.2.1/../../../../arm-none-eabi/lib/thumb/v7e-m/nofp/libg_nano.a(lib_a-nano-svfprintf.o)
                              /home/gustavo/Aplicativos/gcc-arm-none-eabi-8-2018-q4-major/bin/../lib/gcc/arm-none-eabi/8.2.1/../../../../arm-none-eabi/lib/thumb/v7e-m/nofp/libg_nano.a(lib_a-vsnprintf.o) (_svfprintf_r)
/home/gustavo/Aplicativos/gcc-arm-none-eabi-8-2018-q4-major/bin/../lib/gcc/arm-none-eabi/8.2.1/../../../../arm-none-eabi/lib/thumb/v7e-m/nofp/libg_nano.a(lib_a-nano-vfprintf_i.o)
                              /home/gustavo/Aplicativos/gcc-arm-none-eabi-8-2018-q4-major/bin/../lib/gcc/arm-none-eabi/8.2.1/../../../../arm-none-eabi/lib/thumb/v7e-m/nofp/libg_nano.a(lib_a-nano-svfprintf.o) (_printf_i)
/home/gustavo/Aplicativos/gcc-arm-none-eabi-8-2018-q4-major/bin/../lib/gcc/arm-none-eabi/8.2.1/../../../../arm-none-eabi/lib/thumb/v7e-m/nofp/libg_nano.a(lib_a-memchr.o)
                              /home/gustavo/Aplicativos/gcc-arm-none-eabi-8-2018-q4-major/bin/../lib/gcc/arm-none-eabi/8.2.1/../../../../arm-none-eabi/lib/thumb/v7e-m/nofp/libg_nano.a(lib_a-nano-svfprintf.o) (memchr)
/home/gustavo/Aplicativos/gcc-arm-none-eabi-8-2018-q4-major/bin/../lib/gcc/arm-none-eabi/8.2.1/../../../../arm-none-eabi/lib/thumb/v7e-m/nofp/libg_nano.a(lib_a-memcpy-stub.o)
                              /home/gustavo/Aplicativos/gcc-arm-none-eabi-8-2018-q4-major/bin/../lib/gcc/arm-none-eabi/8.2.1/../../../../arm-none-eabi/lib/thumb/v7e-m/nofp/libg_nano.a(lib_a-nano-svfprintf.o) (memcpy)
/home/gustavo/Aplicativos/gcc-arm-none-eabi-8-2018-q4-major/bin/../lib/gcc/arm-none-eabi/8.2.1/../../../../arm-none-eabi/lib/thumb/v7e-m/nofp/libg_nano.a(lib_a-memmove.o)
                              /home/gustavo/Aplicativos/gcc-arm-none-eabi-8-2018-q4-major/bin/../lib/gcc/arm-none-eabi/8.2.1/../../../../arm-none-eabi/lib/thumb/v7e-m/nofp/libg_nano.a(lib_a-nano-svfprintf.o) (memmove)
/home/gustavo/Aplicativos/gcc-arm-none-eabi-8-2018-q4-major/bin/../lib/gcc/arm-none-eabi/8.2.1/../../../../arm-none-eabi/lib/thumb/v7e-m/nofp/libg_nano.a(lib_a-nano-freer.o)
                              /home/gustavo/Aplicativos/gcc-arm-none-eabi-8-2018-q4-major/bin/../lib/gcc/arm-none-eabi/8.2.1/../../../../arm-none-eabi/lib/thumb/v7e-m/nofp/libg_nano.a(lib_a-nano-svfprintf.o) (_free_r)
/home/gustavo/Aplicativos/gcc-arm-none-eabi-8-2018-q4-major/bin/../lib/gcc/arm-none-eabi/8.2.1/../../../../arm-none-eabi/lib/thumb/v7e-m/nofp/libg_nano.a(lib_a-nano-mallocr.o)
                              /home/gustavo/Aplicativos/gcc-arm-none-eabi-8-2018-q4-major/bin/../lib/gcc/arm-none-eabi/8.2.1/../../../../arm-none-eabi/lib/thumb/v7e-m/nofp/libg_nano.a(lib_a-nano-svfprintf.o) (_malloc_r)
/home/gustavo/Aplicativos/gcc-arm-none-eabi-8-2018-q4-major/bin/../lib/gcc/arm-none-eabi/8.2.1/../../../../arm-none-eabi/lib/thumb/v7e-m/nofp/libg_nano.a(lib_a-nano-reallocr.o)
                              /home/gustavo/Aplicativos/gcc-arm-none-eabi-8-2018-q4-major/bin/../lib/gcc/arm-none-eabi/8.2.1/../../../../arm-none-eabi/lib/thumb/v7e-m/nofp/libg_nano.a(lib_a-nano-svfprintf.o) (_realloc_r)
/home/gustavo/Aplicativos/gcc-arm-none-eabi-8-2018-q4-major/bin/../lib/gcc/arm-none-eabi/8.2.1/../../../../arm-none-eabi/lib/thumb/v7e-m/nofp/libg_nano.a(lib_a-sbrkr.o)
                              /home/gustavo/Aplicativos/gcc-arm-none-eabi-8-2018-q4-major/bin/../lib/gcc/arm-none-eabi/8.2.1/../../../../arm-none-eabi/lib/thumb/v7e-m/nofp/libg_nano.a(lib_a-nano-mallocr.o) (_sbrk_r)
/home/gustavo/Aplicativos/gcc-arm-none-eabi-8-2018-q4-major/bin/../lib/gcc/arm-none-eabi/8.2.1/../../../../arm-none-eabi/lib/thumb/v7e-m/nofp/libg_nano.a(lib_a-mlock.o)
[...]
Memory Configuration

Name             Origin             Length             Attributes
RAM              0x0000000020000000 0x0000000000020000 xrw
CCMRAM           0x0000000010000000 0x0000000000010000 xrw
FLASH            0x0000000008000000 0x0000000000100000 xr
FLASHB1          0x0000000000000000 0x0000000000000000 xr
EXTMEMB0         0x0000000000000000 0x0000000000000000 xr
EXTMEMB1         0x0000000000000000 0x0000000000000000 xr
EXTMEMB2         0x0000000000000000 0x0000000000000000 xr
EXTMEMB3         0x0000000000000000 0x0000000000000000 xr
MEMORY_ARRAY     0x0000000020002000 0x0000000000000020 xrw
*default*        0x0000000000000000 0xffffffffffffffff

Linker script and memory map

LOAD ./system/src/stm32f4-hal/stm32f4xx_hal.o
LOAD ./system/src/stm32f4-hal/stm32f4xx_hal_cortex.o
LOAD ./system/src/stm32f4-hal/stm32f4xx_hal_dfsdm.o
LOAD ./system/src/stm32f4-hal/stm32f4xx_hal_flash.o
LOAD ./system/src/stm32f4-hal/stm32f4xx_hal_gpio.o
LOAD ./system/src/stm32f4-hal/stm32f4xx_hal_iwdg.o
LOAD ./system/src/stm32f4-hal/stm32f4xx_hal_pwr.o
LOAD ./system/src/stm32f4-hal/stm32f4xx_hal_rcc.o
LOAD ./system/src/newlib/_cxx.o
LOAD ./system/src/newlib/_exit.o
LOAD ./system/src/newlib/_sbrk.o
LOAD ./system/src/newlib/_startup.o
LOAD ./system/src/newlib/_syscalls.o
LOAD ./system/src/newlib/assert.o
LOAD ./system/src/diag/Trace.o
LOAD ./system/src/diag/trace_impl.o
LOAD ./system/src/cortexm/_initialize_hardware.o
LOAD ./system/src/cortexm/_reset_hardware.o
LOAD ./system/src/cortexm/exception_handlers.o
LOAD ./system/src/cmsis/system_stm32f4xx.o
LOAD ./system/src/cmsis/vectors_stm32f407xx.o
LOAD ./src/BlinkLed.o
LOAD ./src/Timer.o
LOAD ./src/_initialize_hardware.o
LOAD ./src/_write.o
LOAD ./src/main.o
LOAD ./src/stm32f4xx_hal_msp.o
LOAD /home/gustavo/Aplicativos/gcc-arm-none-eabi-8-2018-q4-major/bin/../lib/gcc/arm-none-eabi/8.2.1/../../../../arm-none-eabi/lib/thumb/v7e-m/nofp/libstdc++_nano.a
LOAD /home/gustavo/Aplicativos/gcc-arm-none-eabi-8-2018-q4-major/bin/../lib/gcc/arm-none-eabi/8.2.1/../../../../arm-none-eabi/lib/thumb/v7e-m/nofp/libm.a
START GROUP
LOAD /home/gustavo/Aplicativos/gcc-arm-none-eabi-8-2018-q4-major/bin/../lib/gcc/arm-none-eabi/8.2.1/thumb/v7e-m/nofp/libgcc.a
LOAD /home/gustavo/Aplicativos/gcc-arm-none-eabi-8-2018-q4-major/bin/../lib/gcc/arm-none-eabi/8.2.1/../../../../arm-none-eabi/lib/thumb/v7e-m/nofp/libg_nano.a
LOAD /home/gustavo/Aplicativos/gcc-arm-none-eabi-8-2018-q4-major/bin/../lib/gcc/arm-none-eabi/8.2.1/../../../../arm-none-eabi/lib/thumb/v7e-m/nofp/libc_nano.a
END GROUP
START GROUP
LOAD /home/gustavo/Aplicativos/gcc-arm-none-eabi-8-2018-q4-major/bin/../lib/gcc/arm-none-eabi/8.2.1/thumb/v7e-m/nofp/libgcc.a
LOAD /home/gustavo/Aplicativos/gcc-arm-none-eabi-8-2018-q4-major/bin/../lib/gcc/arm-none-eabi/8.2.1/../../../../arm-none-eabi/lib/thumb/v7e-m/nofp/libc_nano.a
END GROUP
                0x0000000020020000                __stack = (ORIGIN (RAM) + LENGTH (RAM))
                0x0000000020020000                _estack = __stack
                0x0000000000000400                __Main_Stack_Size = 0x400
                [!provide]                        PROVIDE (_Main_Stack_Size = __Main_Stack_Size)
                0x000000002001fc00                __Main_Stack_Limit = (__stack - __Main_Stack_Size)
                [!provide]                        PROVIDE (_Main_Stack_Limit = __Main_Stack_Limit)
                0x0000000000000100                _Minimum_Stack_Size = 0x100
                0x0000000020000144                PROVIDE (_Heap_Begin = _end_noinit)
                0x000000002001fc00                PROVIDE (_Heap_Limit = (__stack - __Main_Stack_Size))

.isr_vector     0x0000000008000000      0x3e8
 FILL mask 0xff
                0x0000000008000000                __vectors_start = ABSOLUTE (.)
                0x0000000008000000                __vectors_start__ = ABSOLUTE (.)
 *(.isr_vector)
 .isr_vector    0x0000000008000000      0x188 ./system/src/cmsis/vectors_stm32f407xx.o
                0x0000000008000000                __isr_vectors
 *(.cfmconfig)
 *(.after_vectors .after_vectors.*)
 .after_vectors
                0x0000000008000188      0x130 ./system/src/newlib/_startup.o
                0x0000000008000188                _start
 .after_vectors
                0x00000000080002b8      0x12c ./system/src/cortexm/exception_handlers.o
                0x00000000080002b8                Reset_Handler
                0x00000000080002be                NMI_Handler
                0x00000000080002c2                HardFault_Handler
                0x00000000080002d6                HardFault_Handler_C
                0x0000000008000334                MemManage_Handler
                0x0000000008000338                BusFault_Handler
                0x000000000800034c                BusFault_Handler_C
                0x0000000008000380                UsageFault_Handler
                0x0000000008000394                UsageFault_Handler_C
                0x00000000080003c8                SVC_Handler
                0x00000000080003cc                DebugMon_Handler
                0x00000000080003d0                PendSV_Handler
 .after_vectors
                0x00000000080003e4        0x4 ./system/src/cmsis/vectors_stm32f407xx.o
                0x00000000080003e4                RTC_Alarm_IRQHandler
                0x00000000080003e4                HASH_RNG_IRQHandler
                0x00000000080003e4                EXTI2_IRQHandler
                0x00000000080003e4                TIM8_CC_IRQHandler
                0x00000000080003e4                TIM1_CC_IRQHandler
                0x00000000080003e4                DMA2_Stream5_IRQHandler
                0x00000000080003e4                DMA1_Stream5_IRQHandler
                0x00000000080003e4                PVD_IRQHandler
                0x00000000080003e4                SDIO_IRQHandler
                0x00000000080003e4                TAMP_STAMP_IRQHandler
                0x00000000080003e4                CAN2_RX1_IRQHandler
                0x00000000080003e4                EXTI3_IRQHandler
                0x00000000080003e4                TIM8_TRG_COM_TIM14_IRQHandler
                0x00000000080003e4                TIM1_UP_TIM10_IRQHandler
                0x00000000080003e4                TIM8_UP_TIM13_IRQHandler
                0x00000000080003e4                I2C3_ER_IRQHandler
                0x00000000080003e4                EXTI0_IRQHandler
                0x00000000080003e4                I2C2_EV_IRQHandler
                0x00000000080003e4                DMA1_Stream2_IRQHandler
                0x00000000080003e4                CAN1_RX0_IRQHandler
                0x00000000080003e4                FPU_IRQHandler
                0x00000000080003e4                OTG_HS_WKUP_IRQHandler
                0x00000000080003e4                CAN2_SCE_IRQHandler
                0x00000000080003e4                DMA2_Stream2_IRQHandler
                0x00000000080003e4                SPI1_IRQHandler
                0x00000000080003e4                TIM6_DAC_IRQHandler
                0x00000000080003e4                TIM1_BRK_TIM9_IRQHandler
                0x00000000080003e4                DCMI_IRQHandler
                0x00000000080003e4                CAN2_RX0_IRQHandler
                0x00000000080003e4                DMA2_Stream3_IRQHandler
                0x00000000080003e4                USART6_IRQHandler
                0x00000000080003e4                USART3_IRQHandler
                0x00000000080003e4                CAN1_RX1_IRQHandler
                0x00000000080003e4                UART5_IRQHandler
                0x00000000080003e4                DMA2_Stream0_IRQHandler
                0x00000000080003e4                TIM4_IRQHandler
                0x00000000080003e4                I2C1_EV_IRQHandler
                0x00000000080003e4                DMA1_Stream6_IRQHandler
                0x00000000080003e4                DMA1_Stream1_IRQHandler
                0x00000000080003e4                UART4_IRQHandler
                0x00000000080003e4                TIM3_IRQHandler
                0x00000000080003e4                RCC_IRQHandler
                0x00000000080003e4                TIM8_BRK_TIM12_IRQHandler
                0x00000000080003e4                Default_Handler
                0x00000000080003e4                EXTI15_10_IRQHandler
                0x00000000080003e4                ADC_IRQHandler
                0x00000000080003e4                DMA1_Stream7_IRQHandler
                0x00000000080003e4                TIM7_IRQHandler
                0x00000000080003e4                CAN2_TX_IRQHandler
                0x00000000080003e4                TIM5_IRQHandler
                0x00000000080003e4                DMA2_Stream7_IRQHandler
                0x00000000080003e4                I2C3_EV_IRQHandler
                0x00000000080003e4                EXTI9_5_IRQHandler
                0x00000000080003e4                RTC_WKUP_IRQHandler
                0x00000000080003e4                ETH_WKUP_IRQHandler
                0x00000000080003e4                SPI2_IRQHandler
                0x00000000080003e4                OTG_HS_EP1_IN_IRQHandler
                0x00000000080003e4                DMA1_Stream0_IRQHandler
                0x00000000080003e4                CAN1_TX_IRQHandler
                0x00000000080003e4                EXTI4_IRQHandler
                0x00000000080003e4                ETH_IRQHandler
                0x00000000080003e4                OTG_HS_EP1_OUT_IRQHandler
                0x00000000080003e4                WWDG_IRQHandler
                0x00000000080003e4                TIM2_IRQHandler
                0x00000000080003e4                OTG_FS_WKUP_IRQHandler
                0x00000000080003e4                TIM1_TRG_COM_TIM11_IRQHandler
                0x00000000080003e4                OTG_HS_IRQHandler
                0x00000000080003e4                EXTI1_IRQHandler
                0x00000000080003e4                USART2_IRQHandler
                0x00000000080003e4                I2C2_ER_IRQHandler
                0x00000000080003e4                DMA2_Stream1_IRQHandler
                0x00000000080003e4                CAN1_SCE_IRQHandler
                0x00000000080003e4                FLASH_IRQHandler
                0x00000000080003e4                DMA2_Stream4_IRQHandler
                0x00000000080003e4                USART1_IRQHandler
                0x00000000080003e4                OTG_FS_IRQHandler
                0x00000000080003e4                SPI3_IRQHandler
                0x00000000080003e4                DMA1_Stream4_IRQHandler
                0x00000000080003e4                I2C1_ER_IRQHandler
                0x00000000080003e4                FMC_IRQHandler
                0x00000000080003e4                DMA2_Stream6_IRQHandler
                0x00000000080003e4                DMA1_Stream3_IRQHandler

.inits          0x00000000080003e8       0x28
                0x00000000080003e8                __data_regions_array_start = .
                0x00000000080003e8        0x4 LONG 0x800222c LOADADDR (.data)
                0x00000000080003ec        0x4 LONG 0x20000000 ADDR (.data)
                0x00000000080003f0        0x4 LONG 0x20000078 (ADDR (.data) + SIZEOF (.data))
                0x00000000080003f4        0x4 LONG 0x800222c LOADADDR (.data_CCMRAM)
                0x00000000080003f8        0x4 LONG 0x10000000 ADDR (.data_CCMRAM)
                0x00000000080003fc        0x4 LONG 0x10000000 (ADDR (.data_CCMRAM) + SIZEOF (.data_CCMRAM))
                0x0000000008000400                __data_regions_array_end = .
                0x0000000008000400                __bss_regions_array_start = .
                0x0000000008000400        0x4 LONG 0x20000078 ADDR (.bss)
                0x0000000008000404        0x4 LONG 0x20000144 (ADDR (.bss) + SIZEOF (.bss))
                0x0000000008000408        0x4 LONG 0x10000000 ADDR (.bss_CCMRAM)
                0x000000000800040c        0x4 LONG 0x10000000 (ADDR (.bss_CCMRAM) + SIZEOF (.bss_CCMRAM))
                0x0000000008000410                __bss_regions_array_end = .
 *(.init)
 *(.fini)
                0x0000000008000410                . = ALIGN (0x4)
                0x0000000008000410                PROVIDE (__preinit_array_start = .)
 *(.preinit_array_sysinit .preinit_array_sysinit.*)
 *(.preinit_array_platform .preinit_array_platform.*)
 *(.preinit_array .preinit_array.*)
                0x0000000008000410                PROVIDE (__preinit_array_end = .)
                0x0000000008000410                . = ALIGN (0x4)
                0x0000000008000410                PROVIDE (__init_array_start = .)
 *(SORT_BY_NAME(.init_array.*))
 *(.init_array)
                0x0000000008000410                PROVIDE (__init_array_end = .)
                0x0000000008000410                . = ALIGN (0x4)
                0x0000000008000410                PROVIDE (__fini_array_start = .)
 *(SORT_BY_NAME(.fini_array.*))
 *(.fini_array)
                0x0000000008000410                PROVIDE (__fini_array_end = .)

.flashtext
 *(.flashtext .flashtext.*)

.text           0x0000000008000410     0x1e1b
 *(.text .text.*)
 .text.HAL_InitTick
                0x0000000008000410       0x2c ./system/src/stm32f4-hal/stm32f4xx_hal.o
                0x0000000008000410                HAL_InitTick
 .text.HAL_Init
                0x000000000800043c       0x34 ./system/src/stm32f4-hal/stm32f4xx_hal.o
                0x000000000800043c                HAL_Init
 .text.HAL_GetTick
                0x0000000008000470        0xc ./system/src/stm32f4-hal/stm32f4xx_hal.o
                0x0000000008000470                HAL_GetTick
 .text.HAL_NVIC_SetPriorityGrouping
                0x000000000800047c       0x3c ./system/src/stm32f4-hal/stm32f4xx_hal_cortex.o
                0x000000000800047c                HAL_NVIC_SetPriorityGrouping
 .text.HAL_NVIC_SetPriority
                0x00000000080004b8       0x8c ./system/src/stm32f4-hal/stm32f4xx_hal_cortex.o
                0x00000000080004b8                HAL_NVIC_SetPriority
 .text.HAL_SYSTICK_Config
                0x0000000008000544       0x2c ./system/src/stm32f4-hal/stm32f4xx_hal_cortex.o
                0x0000000008000544                HAL_SYSTICK_Config
 .text.HAL_SYSTICK_CLKSourceConfig
                0x0000000008000570       0x3c ./system/src/stm32f4-hal/stm32f4xx_hal_cortex.o
                0x0000000008000570                HAL_SYSTICK_CLKSourceConfig
 .text.HAL_GPIO_Init
                0x00000000080005ac      0x304 ./system/src/stm32f4-hal/stm32f4xx_hal_gpio.o
                0x00000000080005ac                HAL_GPIO_Init
 .text.HAL_GPIO_WritePin
                0x00000000080008b0       0x38 ./system/src/stm32f4-hal/stm32f4xx_hal_gpio.o
                0x00000000080008b0                HAL_GPIO_WritePin
 .text.HAL_RCC_OscConfig
                0x00000000080008e8      0x43c ./system/src/stm32f4-hal/stm32f4xx_hal_rcc.o
                0x00000000080008e8                HAL_RCC_OscConfig
 .text.HAL_RCC_GetSysClockFreq
                0x0000000008000d24       0x94 ./system/src/stm32f4-hal/stm32f4xx_hal_rcc.o
                0x0000000008000d24                HAL_RCC_GetSysClockFreq
 .text.HAL_RCC_ClockConfig
                0x0000000008000db8      0x258 ./system/src/stm32f4-hal/stm32f4xx_hal_rcc.o
                0x0000000008000db8                HAL_RCC_ClockConfig
 .text.HAL_RCC_GetHCLKFreq
                0x0000000008001010        0xc ./system/src/stm32f4-hal/stm32f4xx_hal_rcc.o
                0x0000000008001010                HAL_RCC_GetHCLKFreq
 .text._exit    0x000000000800101c        0x2 ./system/src/newlib/_exit.o
                0x000000000800101c                _exit
 *fill*         0x000000000800101e        0x2 
 .text.abort    0x0000000008001020       0x14 ./system/src/newlib/_exit.o
                0x0000000008001020                abort
 .text._sbrk    0x0000000008001034       0x44 ./system/src/newlib/_sbrk.o
                0x0000000008001034                _sbrk
 .text.__initialize_args
                0x0000000008001078       0x10 ./system/src/newlib/_syscalls.o
                0x0000000008001078                __initialize_args
 .text.assert_failed
                0x0000000008001088       0x14 ./system/src/newlib/assert.o
                0x0000000008001088                assert_failed
 .text.trace_printf
                0x000000000800109c       0x34 ./system/src/diag/Trace.o
                0x000000000800109c                trace_printf
 .text.trace_puts
                0x00000000080010d0       0x20 ./system/src/diag/Trace.o
                0x00000000080010d0                trace_puts
 .text._trace_write_semihosting_debug
                0x00000000080010f0       0x60 ./system/src/diag/trace_impl.o
 .text.trace_write
                0x0000000008001150        0x8 ./system/src/diag/trace_impl.o
                0x0000000008001150                trace_write
 .text.__initialize_hardware_early
                0x0000000008001158       0x18 ./system/src/cortexm/_initialize_hardware.o
                0x0000000008001158                __initialize_hardware_early
 .text.dumpExceptionStack
                0x0000000008001170       0xf4 ./system/src/cortexm/exception_handlers.o
                0x0000000008001170                dumpExceptionStack
 .text.isSemihosting
                0x0000000008001264       0x20 ./system/src/cortexm/exception_handlers.o
                0x0000000008001264                isSemihosting
 .text.SystemInit
                0x0000000008001284       0x40 ./system/src/cmsis/system_stm32f4xx.o
                0x0000000008001284                SystemInit
 .text.SystemCoreClockUpdate
                0x00000000080012c4       0xa0 ./system/src/cmsis/system_stm32f4xx.o
                0x00000000080012c4                SystemCoreClockUpdate
 .text.SystemClock_Config
                0x0000000008001364       0x9c ./src/_initialize_hardware.o
                0x0000000008001364                SystemClock_Config
 .text.__initialize_hardware
                0x0000000008001400       0x10 ./src/_initialize_hardware.o
                0x0000000008001400                __initialize_hardware
 .text.clock_time
                0x0000000008001410        0xc ./src/main.o
 .text.timer_expired
                0x000000000800141c       0x18 ./src/main.o
 .text.timer_set
                0x0000000008001434        0xe ./src/main.o
 *fill*         0x0000000008001442        0x2 
 .text.protothread1
                0x0000000008001444       0xac ./src/main.o
 .text.protothread2
                0x00000000080014f0       0xbc ./src/main.o
 .text.SysTick_Handler
                0x00000000080015ac       0x10 ./src/main.o
                0x00000000080015ac                SysTick_Handler
 .text.main     0x00000000080015bc       0x58 ./src/main.o
                0x00000000080015bc                main
 .text.HAL_MspInit
                0x0000000008001614        0x2 ./src/stm32f4xx_hal_msp.o
                0x0000000008001614                HAL_MspInit
 *fill*         0x0000000008001616        0x2 
 .text.__errno  0x0000000008001618        0xc /home/gustavo/Aplicativos/gcc-arm-none-eabi-8-2018-q4-major/bin/../lib/gcc/arm-none-eabi/8.2.1/../../../../arm-none-eabi/lib/thumb/v7e-m/nofp/libg_nano.a(lib_a-errno.o)
                0x0000000008001618                __errno
 .text          0x0000000008001624       0x10 /home/gustavo/Aplicativos/gcc-arm-none-eabi-8-2018-q4-major/bin/../lib/gcc/arm-none-eabi/8.2.1/../../../../arm-none-eabi/lib/thumb/v7e-m/nofp/libg_nano.a(lib_a-strlen.o)
                0x0000000008001624                strlen
 .text._vsnprintf_r
                0x0000000008001634       0x58 /home/gustavo/Aplicativos/gcc-arm-none-eabi-8-2018-q4-major/bin/../lib/gcc/arm-none-eabi/8.2.1/../../../../arm-none-eabi/lib/thumb/v7e-m/nofp/libg_nano.a(lib_a-vsnprintf.o)
                0x0000000008001634                _vsnprintf_r
                0x0000000008001634                _vsniprintf_r
 .text.vsnprintf
                0x000000000800168c       0x1c /home/gustavo/Aplicativos/gcc-arm-none-eabi-8-2018-q4-major/bin/../lib/gcc/arm-none-eabi/8.2.1/../../../../arm-none-eabi/lib/thumb/v7e-m/nofp/libg_nano.a(lib_a-vsnprintf.o)
                0x000000000800168c                vsnprintf
                0x000000000800168c                vsniprintf
 .text.__ssputs_r
                0x00000000080016a8       0xb6 /home/gustavo/Aplicativos/gcc-arm-none-eabi-8-2018-q4-major/bin/../lib/gcc/arm-none-eabi/8.2.1/../../../../arm-none-eabi/lib/thumb/v7e-m/nofp/libg_nano.a(lib_a-nano-svfprintf.o)
                0x00000000080016a8                __ssputs_r
 *fill*         0x000000000800175e        0x2 
 .text._svfprintf_r
                0x0000000008001760      0x1f0 /home/gustavo/Aplicativos/gcc-arm-none-eabi-8-2018-q4-major/bin/../lib/gcc/arm-none-eabi/8.2.1/../../../../arm-none-eabi/lib/thumb/v7e-m/nofp/libg_nano.a(lib_a-nano-svfprintf.o)
                0x0000000008001760                _svfprintf_r
                0x0000000008001760                _svfiprintf_r
 .text._printf_common
                0x0000000008001950       0xea /home/gustavo/Aplicativos/gcc-arm-none-eabi-8-2018-q4-major/bin/../lib/gcc/arm-none-eabi/8.2.1/../../../../arm-none-eabi/lib/thumb/v7e-m/nofp/libg_nano.a(lib_a-nano-vfprintf_i.o)
                0x0000000008001950                _printf_common
 *fill*         0x0000000008001a3a        0x2 
 .text._printf_i
                0x0000000008001a3c      0x228 /home/gustavo/Aplicativos/gcc-arm-none-eabi-8-2018-q4-major/bin/../lib/gcc/arm-none-eabi/8.2.1/../../../../arm-none-eabi/lib/thumb/v7e-m/nofp/libg_nano.a(lib_a-nano-vfprintf_i.o)
                0x0000000008001a3c                _printf_i
 *fill*         0x0000000008001c64        0xc 
 .text          0x0000000008001c70       0xa0 /home/gustavo/Aplicativos/gcc-arm-none-eabi-8-2018-q4-major/bin/../lib/gcc/arm-none-eabi/8.2.1/../../../../arm-none-eabi/lib/thumb/v7e-m/nofp/libg_nano.a(lib_a-memchr.o)
                0x0000000008001c70                memchr
 .text.memcpy   0x0000000008001d10       0x1c /home/gustavo/Aplicativos/gcc-arm-none-eabi-8-2018-q4-major/bin/../lib/gcc/arm-none-eabi/8.2.1/../../../../arm-none-eabi/lib/thumb/v7e-m/nofp/libg_nano.a(lib_a-memcpy-stub.o)
                0x0000000008001d10                memcpy
 .text.memmove  0x0000000008001d2c       0x34 /home/gustavo/Aplicativos/gcc-arm-none-eabi-8-2018-q4-major/bin/../lib/gcc/arm-none-eabi/8.2.1/../../../../arm-none-eabi/lib/thumb/v7e-m/nofp/libg_nano.a(lib_a-memmove.o)
                0x0000000008001d2c                memmove
 .text._free_r  0x0000000008001d60       0x9c /home/gustavo/Aplicativos/gcc-arm-none-eabi-8-2018-q4-major/bin/../lib/gcc/arm-none-eabi/8.2.1/../../../../arm-none-eabi/lib/thumb/v7e-m/nofp/libg_nano.a(lib_a-nano-freer.o)
                0x0000000008001d60                _free_r
 .text._malloc_r
                0x0000000008001dfc       0xb4 /home/gustavo/Aplicativos/gcc-arm-none-eabi-8-2018-q4-major/bin/../lib/gcc/arm-none-eabi/8.2.1/../../../../arm-none-eabi/lib/thumb/v7e-m/nofp/libg_nano.a(lib_a-nano-mallocr.o)
                0x0000000008001dfc                _malloc_r
 .text._realloc_r
                0x0000000008001eb0       0x4c /home/gustavo/Aplicativos/gcc-arm-none-eabi-8-2018-q4-major/bin/../lib/gcc/arm-none-eabi/8.2.1/../../../../arm-none-eabi/lib/thumb/v7e-m/nofp/libg_nano.a(lib_a-nano-reallocr.o)
                0x0000000008001eb0                _realloc_r
 .text._sbrk_r  0x0000000008001efc       0x20 /home/gustavo/Aplicativos/gcc-arm-none-eabi-8-2018-q4-major/bin/../lib/gcc/arm-none-eabi/8.2.1/../../../../arm-none-eabi/lib/thumb/v7e-m/nofp/libg_nano.a(lib_a-sbrkr.o)
                0x0000000008001efc                _sbrk_r
 .text.__malloc_lock
                0x0000000008001f1c        0xc /home/gustavo/Aplicativos/gcc-arm-none-eabi-8-2018-q4-major/bin/../lib/gcc/arm-none-eabi/8.2.1/../../../../arm-none-eabi/lib/thumb/v7e-m/nofp/libg_nano.a(lib_a-mlock.o)
                0x0000000008001f1c                __malloc_lock
 .text.__malloc_unlock
                0x0000000008001f28        0xc /home/gustavo/Aplicativos/gcc-arm-none-eabi-8-2018-q4-major/bin/../lib/gcc/arm-none-eabi/8.2.1/../../../../arm-none-eabi/lib/thumb/v7e-m/nofp/libg_nano.a(lib_a-mlock.o)
                0x0000000008001f28                __malloc_unlock
 .text._malloc_usable_size_r
                0x0000000008001f34       0x10 /home/gustavo/Aplicativos/gcc-arm-none-eabi-8-2018-q4-major/bin/../lib/gcc/arm-none-eabi/8.2.1/../../../../arm-none-eabi/lib/thumb/v7e-m/nofp/libg_nano.a(lib_a-nano-msizer.o)
                0x0000000008001f34                _malloc_usable_size_r
 .text.__retarget_lock_acquire_recursive
                0x0000000008001f44        0x2 /home/gustavo/Aplicativos/gcc-arm-none-eabi-8-2018-q4-major/bin/../lib/gcc/arm-none-eabi/8.2.1/../../../../arm-none-eabi/lib/thumb/v7e-m/nofp/libg_nano.a(lib_a-lock.o)
                0x0000000008001f44                __retarget_lock_acquire_recursive
 .text.__retarget_lock_release_recursive
                0x0000000008001f46        0x2 /home/gustavo/Aplicativos/gcc-arm-none-eabi-8-2018-q4-major/bin/../lib/gcc/arm-none-eabi/8.2.1/../../../../arm-none-eabi/lib/thumb/v7e-m/nofp/libg_nano.a(lib_a-lock.o)
                0x0000000008001f46                __retarget_lock_release_recursive
 *(.rodata .rodata.* .constdata .constdata.*)
 .rodata.HAL_NVIC_SetPriorityGrouping.str1.4
                0x0000000008001f48       0x31 ./system/src/stm32f4-hal/stm32f4xx_hal_cortex.o
 *fill*         0x0000000008001f79        0x3 
 .rodata.HAL_GPIO_Init.str1.4
                0x0000000008001f7c       0x2f ./system/src/stm32f4-hal/stm32f4xx_hal_gpio.o
 *fill*         0x0000000008001fab        0x1 
 .rodata.APBAHBPrescTable
                0x0000000008001fac       0x10 ./system/src/stm32f4-hal/stm32f4xx_hal_rcc.o
                0x0000000008001fac                APBAHBPrescTable
 .rodata.HAL_RCC_OscConfig.str1.4
                0x0000000008001fbc       0x2e ./system/src/stm32f4-hal/stm32f4xx_hal_rcc.o
 *fill*         0x0000000008001fea        0x2 
 .rodata.abort.str1.4
                0x0000000008001fec       0x14 ./system/src/newlib/_exit.o
 .rodata.assert_failed.str1.4
                0x0000000008002000       0x2b ./system/src/newlib/assert.o
 .rodata.trace_puts.str1.4
                0x000000000800202b       0x2b ./system/src/diag/Trace.o
                                          0x2 (size before relaxing)
 *fill*         0x000000000800202b        0x1 
 .rodata.dumpExceptionStack.str1.4
                0x000000000800202c      0x11a ./system/src/cortexm/exception_handlers.o
 *fill*         0x0000000008002146        0x2 
 .rodata.str1.4
                0x0000000008002148       0x2a ./system/src/cortexm/exception_handlers.o
 *fill*         0x0000000008002172        0x2 
 .rodata.AHBPrescTable
                0x0000000008002174       0x10 ./system/src/cmsis/system_stm32f4xx.o
                0x0000000008002174                AHBPrescTable
 .rodata.main.str1.4
                0x0000000008002184       0x29 ./src/main.o
 *fill*         0x00000000080021ad        0x3 
 .rodata.protothread1.str1.4
                0x00000000080021b0       0x22 ./src/main.o
 *fill*         0x00000000080021d2        0x2 
 .rodata.protothread2.str1.4
                0x00000000080021d4       0x24 ./src/main.o
                                         0x22 (size before relaxing)
 .rodata._svfprintf_r.str1.1
                0x00000000080021f8       0x11 /home/gustavo/Aplicativos/gcc-arm-none-eabi-8-2018-q4-major/bin/../lib/gcc/arm-none-eabi/8.2.1/../../../../arm-none-eabi/lib/thumb/v7e-m/nofp/libg_nano.a(lib_a-nano-svfprintf.o)
 .rodata._printf_i.str1.1
                0x0000000008002209       0x22 /home/gustavo/Aplicativos/gcc-arm-none-eabi-8-2018-q4-major/bin/../lib/gcc/arm-none-eabi/8.2.1/../../../../arm-none-eabi/lib/thumb/v7e-m/nofp/libg_nano.a(lib_a-nano-vfprintf_i.o)
 *(vtable)
 *(.eh_frame*)
 *(.glue_7)
 .glue_7        0x000000000800222b        0x0 linker stubs
 *(.glue_7t)
 .glue_7t       0x000000000800222b        0x0 linker stubs

.vfp11_veneer   0x000000000800222c        0x0
 .vfp11_veneer  0x000000000800222c        0x0 linker stubs

.v4_bx          0x000000000800222c        0x0
 .v4_bx         0x000000000800222c        0x0 linker stubs

.iplt           0x000000000800222c        0x0
 .iplt          0x000000000800222c        0x0 ./system/src/stm32f4-hal/stm32f4xx_hal.o

.rel.dyn        0x000000000800222c        0x0
 .rel.iplt      0x000000000800222c        0x0 ./system/src/stm32f4-hal/stm32f4xx_hal.o

.ARM.extab
 *(.ARM.extab* .gnu.linkonce.armextab.*)
                0x000000000800222c                . = ALIGN (0x4)
                0x000000000800222c                __exidx_start = .

.ARM.exidx
 *(.ARM.exidx* .gnu.linkonce.armexidx.*)
                0x000000000800222c                __exidx_end = .
                0x000000000800222c                . = ALIGN (0x4)
                0x000000000800222c                _etext = .
                0x000000000800222c                __etext = .

.data_CCMRAM    0x0000000010000000        0x0 load address 0x000000000800222c
 FILL mask 0xff
 *(.data.CCMRAM .data.CCMRAM.*)
                0x0000000010000000                . = ALIGN (0x4)
                0x000000000800222c                _sidata = LOADADDR (.data)

.data           0x0000000020000000       0x78 load address 0x000000000800222c
 FILL mask 0xff
                0x0000000020000000                _sdata = .
                0x0000000020000000                __data_start__ = .
 *(.data_begin .data_begin.*)
 .data_begin    0x0000000020000000        0x4 ./system/src/newlib/_startup.o
 *(.data .data.*)
 .data.argv.4374
                0x0000000020000004        0x8 ./system/src/newlib/_syscalls.o
 .data.SystemCoreClock
                0x000000002000000c        0x4 ./system/src/cmsis/system_stm32f4xx.o
                0x000000002000000c                SystemCoreClock
 .data._impure_ptr
                0x0000000020000010        0x4 /home/gustavo/Aplicativos/gcc-arm-none-eabi-8-2018-q4-major/bin/../lib/gcc/arm-none-eabi/8.2.1/../../../../arm-none-eabi/lib/thumb/v7e-m/nofp/libg_nano.a(lib_a-impure.o)
                0x0000000020000010                _impure_ptr
 .data.impure_data
                0x0000000020000014       0x60 /home/gustavo/Aplicativos/gcc-arm-none-eabi-8-2018-q4-major/bin/../lib/gcc/arm-none-eabi/8.2.1/../../../../arm-none-eabi/lib/thumb/v7e-m/nofp/libg_nano.a(lib_a-impure.o)
 *(.data_end .data_end.*)
 .data_end      0x0000000020000074        0x4 ./system/src/newlib/_startup.o
                0x0000000020000078                . = ALIGN (0x4)
                0x0000000020000078                _edata = .
                0x0000000020000078                __data_end__ = .

.igot.plt       0x0000000020000078        0x0 load address 0x00000000080022a4
 .igot.plt      0x0000000020000078        0x0 ./system/src/stm32f4-hal/stm32f4xx_hal.o

.bss_CCMRAM     0x0000000010000000        0x0
 *(.bss.CCMRAM .bss.CCMRAM.*)

.bss            0x0000000020000078       0xcc
                0x0000000020000078                __bss_start__ = .
                0x0000000020000078                _sbss = .
 *(.bss_begin .bss_begin.*)
 .bss_begin     0x0000000020000078        0x4 ./system/src/newlib/_startup.o
 *(.bss .bss.*)
 .bss.current_heap_end.4004
                0x000000002000007c        0x4 ./system/src/newlib/_sbrk.o
 .bss.name.4373
                0x0000000020000080        0x1 ./system/src/newlib/_syscalls.o
 *fill*         0x0000000020000081        0x3 
 .bss.buf.5248  0x0000000020000084       0x80 ./system/src/diag/Trace.o
 .bss.counter   0x0000000020000104        0x4 ./src/main.o
                0x0000000020000104                counter
 .bss.pt1       0x0000000020000108        0x2 ./src/main.o
 *fill*         0x000000002000010a        0x2 
 .bss.pt2       0x000000002000010c        0x2 ./src/main.o
 *fill*         0x000000002000010e        0x2 
 .bss.tick_counter
                0x0000000020000110        0x4 ./src/main.o
                0x0000000020000110                tick_counter
 .bss.timer1    0x0000000020000114        0x8 ./src/main.o
 .bss.timer2    0x000000002000011c        0x8 ./src/main.o
 .bss.__malloc_free_list
                0x0000000020000124        0x4 /home/gustavo/Aplicativos/gcc-arm-none-eabi-8-2018-q4-major/bin/../lib/gcc/arm-none-eabi/8.2.1/../../../../arm-none-eabi/lib/thumb/v7e-m/nofp/libg_nano.a(lib_a-nano-mallocr.o)
                0x0000000020000124                __malloc_free_list
 .bss.__malloc_sbrk_start
                0x0000000020000128        0x4 /home/gustavo/Aplicativos/gcc-arm-none-eabi-8-2018-q4-major/bin/../lib/gcc/arm-none-eabi/8.2.1/../../../../arm-none-eabi/lib/thumb/v7e-m/nofp/libg_nano.a(lib_a-nano-mallocr.o)
                0x0000000020000128                __malloc_sbrk_start
 *(COMMON)
 COMMON         0x000000002000012c        0x4 ./system/src/stm32f4-hal/stm32f4xx_hal.o
                0x000000002000012c                uwTick
 COMMON         0x0000000020000130        0x4 ./system/src/newlib/_syscalls.o
                0x0000000020000130                errno
 COMMON         0x0000000020000134        0x9 /home/gustavo/Aplicativos/gcc-arm-none-eabi-8-2018-q4-major/bin/../lib/gcc/arm-none-eabi/8.2.1/../../../../arm-none-eabi/lib/thumb/v7e-m/nofp/libg_nano.a(lib_a-lock.o)
                0x0000000020000134                __lock___atexit_recursive_mutex
                0x0000000020000135                __lock___arc4random_mutex
                0x0000000020000136                __lock___env_recursive_mutex
                0x0000000020000137                __lock___sinit_recursive_mutex
                0x0000000020000138                __lock___malloc_recursive_mutex
                0x0000000020000139                __lock___at_quick_exit_mutex
                0x000000002000013a                __lock___dd_hash_mutex
                0x000000002000013b                __lock___tz_mutex
                0x000000002000013c                __lock___sfp_recursive_mutex
 *(.bss_end .bss_end.*)
 *fill*         0x000000002000013d        0x3 
 .bss_end       0x0000000020000140        0x4 ./system/src/newlib/_startup.o
                0x0000000020000144                . = ALIGN (0x4)
                0x0000000020000144                __bss_end__ = .
                0x0000000020000144                _ebss = .

.noinit_CCMRAM
 *(.noinit.CCMRAM .noinit.CCMRAM.*)

.noinit         0x0000000020000144        0x0
                0x0000000020000144                _noinit = .
 *(.noinit .noinit.*)
                0x0000000020000144                . = ALIGN (0x4)
                0x0000000020000144                _end_noinit = .
                [!provide]                        PROVIDE (end = _end_noinit)
                [!provide]                        PROVIDE (_end = _end_noinit)
                [!provide]                        PROVIDE (__end = _end_noinit)
                [!provide]                        PROVIDE (__end__ = _end_noinit)

._check_stack   0x0000000020000144      0x100
                0x0000000020000244                . = (. + _Minimum_Stack_Size)
 *fill*         0x0000000020000144      0x100 

.b1text
 *(.b1text)
 *(.b1rodata)
 *(.b1rodata.*)

.eb0text
 *(.eb0text)
 *(.eb0rodata)
 *(.eb0rodata.*)

.eb1text
 *(.eb1text)
 *(.eb1rodata)
 *(.eb1rodata.*)

.eb2text
 *(.eb2text)
 *(.eb2rodata)
 *(.eb2rodata.*)

.eb3text
 *(.eb3text)
 *(.eb3rodata)
 *(.eb3rodata.*)

.stab
 *(.stab)

.stabstr
 *(.stabstr)

.stab.excl
 *(.stab.excl)

.stab.exclstr
 *(.stab.exclstr)

.stab.index
 *(.stab.index)

.stab.indexstr
 *(.stab.indexstr)

.comment        0x0000000000000000       0x75
 *(.comment)
 .comment       0x0000000000000000       0x75 ./system/src/stm32f4-hal/stm32f4xx_hal.o
                                         0x76 (size before relaxing)
 .comment       0x0000000000000075       0x76 ./system/src/stm32f4-hal/stm32f4xx_hal_cortex.o
 .comment       0x0000000000000075       0x76 ./system/src/stm32f4-hal/stm32f4xx_hal_gpio.o
 .comment       0x0000000000000075       0x76 ./system/src/stm32f4-hal/stm32f4xx_hal_rcc.o
 .comment       0x0000000000000075       0x76 ./system/src/newlib/_exit.o
 .comment       0x0000000000000075       0x76 ./system/src/newlib/_sbrk.o
 .comment       0x0000000000000075       0x76 ./system/src/newlib/_startup.o
 .comment       0x0000000000000075       0x76 ./system/src/newlib/_syscalls.o
 .comment       0x0000000000000075       0x76 ./system/src/newlib/assert.o
 .comment       0x0000000000000075       0x76 ./system/src/diag/Trace.o
 .comment       0x0000000000000075       0x76 ./system/src/diag/trace_impl.o
 .comment       0x0000000000000075       0x76 ./system/src/cortexm/_initialize_hardware.o
 .comment       0x0000000000000075       0x76 ./system/src/cortexm/exception_handlers.o
 .comment       0x0000000000000075       0x76 ./system/src/cmsis/system_stm32f4xx.o
 .comment       0x0000000000000075       0x76 ./system/src/cmsis/vectors_stm32f407xx.o
 .comment       0x0000000000000075       0x76 ./src/_initialize_hardware.o
 .comment       0x0000000000000075       0x76 ./src/main.o
 .comment       0x0000000000000075       0x76 ./src/stm32f4xx_hal_msp.o

.ARM.attributes
                0x0000000000000000       0x2c
 .ARM.attributes
                0x0000000000000000       0x2e ./system/src/stm32f4-hal/stm32f4xx_hal.o
 .ARM.attributes
                0x000000000000002e       0x2e ./system/src/stm32f4-hal/stm32f4xx_hal_cortex.o
 .ARM.attributes
                0x000000000000005c       0x2e ./system/src/stm32f4-hal/stm32f4xx_hal_gpio.o
 .ARM.attributes
                0x000000000000008a       0x2e ./system/src/stm32f4-hal/stm32f4xx_hal_rcc.o
 .ARM.attributes
                0x00000000000000b8       0x2e ./system/src/newlib/_exit.o
 .ARM.attributes
                0x00000000000000e6       0x2e ./system/src/newlib/_sbrk.o
 .ARM.attributes
                0x0000000000000114       0x2e ./system/src/newlib/_startup.o
 .ARM.attributes
                0x0000000000000142       0x2e ./system/src/newlib/_syscalls.o
 .ARM.attributes
                0x0000000000000170       0x2e ./system/src/newlib/assert.o
 .ARM.attributes
                0x000000000000019e       0x2e ./system/src/diag/Trace.o
 .ARM.attributes
                0x00000000000001cc       0x2e ./system/src/diag/trace_impl.o
 .ARM.attributes
                0x00000000000001fa       0x2e ./system/src/cortexm/_initialize_hardware.o
 .ARM.attributes
                0x0000000000000228       0x2e ./system/src/cortexm/exception_handlers.o
 .ARM.attributes
                0x0000000000000256       0x2e ./system/src/cmsis/system_stm32f4xx.o
 .ARM.attributes
                0x0000000000000284       0x2e ./system/src/cmsis/vectors_stm32f407xx.o
 .ARM.attributes
                0x00000000000002b2       0x2e ./src/_initialize_hardware.o
 .ARM.attributes
                0x00000000000002e0       0x2e ./src/main.o
 .ARM.attributes
                0x000000000000030e       0x2e ./src/stm32f4xx_hal_msp.o
 .ARM.attributes
                0x000000000000033c       0x2e /home/gustavo/Aplicativos/gcc-arm-none-eabi-8-2018-q4-major/bin/../lib/gcc/arm-none-eabi/8.2.1/../../../../arm-none-eabi/lib/thumb/v7e-m/nofp/libg_nano.a(lib_a-errno.o)
 .ARM.attributes
                0x000000000000036a       0x2e /home/gustavo/Aplicativos/gcc-arm-none-eabi-8-2018-q4-major/bin/../lib/gcc/arm-none-eabi/8.2.1/../../../../arm-none-eabi/lib/thumb/v7e-m/nofp/libg_nano.a(lib_a-impure.o)
 .ARM.attributes
                0x0000000000000398       0x17 /home/gustavo/Aplicativos/gcc-arm-none-eabi-8-2018-q4-major/bin/../lib/gcc/arm-none-eabi/8.2.1/../../../../arm-none-eabi/lib/thumb/v7e-m/nofp/libg_nano.a(lib_a-strlen.o)
 .ARM.attributes
                0x00000000000003af       0x2e /home/gustavo/Aplicativos/gcc-arm-none-eabi-8-2018-q4-major/bin/../lib/gcc/arm-none-eabi/8.2.1/../../../../arm-none-eabi/lib/thumb/v7e-m/nofp/libg_nano.a(lib_a-vsnprintf.o)
 .ARM.attributes
                0x00000000000003dd       0x2e /home/gustavo/Aplicativos/gcc-arm-none-eabi-8-2018-q4-major/bin/../lib/gcc/arm-none-eabi/8.2.1/../../../../arm-none-eabi/lib/thumb/v7e-m/nofp/libg_nano.a(lib_a-nano-svfprintf.o)
 .ARM.attributes
                0x000000000000040b       0x2e /home/gustavo/Aplicativos/gcc-arm-none-eabi-8-2018-q4-major/bin/../lib/gcc/arm-none-eabi/8.2.1/../../../../arm-none-eabi/lib/thumb/v7e-m/nofp/libg_nano.a(lib_a-nano-vfprintf_i.o)
 .ARM.attributes
                0x0000000000000439       0x1c /home/gustavo/Aplicativos/gcc-arm-none-eabi-8-2018-q4-major/bin/../lib/gcc/arm-none-eabi/8.2.1/../../../../arm-none-eabi/lib/thumb/v7e-m/nofp/libg_nano.a(lib_a-memchr.o)
 .ARM.attributes
                0x0000000000000455       0x2e /home/gustavo/Aplicativos/gcc-arm-none-eabi-8-2018-q4-major/bin/../lib/gcc/arm-none-eabi/8.2.1/../../../../arm-none-eabi/lib/thumb/v7e-m/nofp/libg_nano.a(lib_a-memcpy-stub.o)
 .ARM.attributes
                0x0000000000000483       0x2e /home/gustavo/Aplicativos/gcc-arm-none-eabi-8-2018-q4-major/bin/../lib/gcc/arm-none-eabi/8.2.1/../../../../arm-none-eabi/lib/thumb/v7e-m/nofp/libg_nano.a(lib_a-memmove.o)
 .ARM.attributes
                0x00000000000004b1       0x2e /home/gustavo/Aplicativos/gcc-arm-none-eabi-8-2018-q4-major/bin/../lib/gcc/arm-none-eabi/8.2.1/../../../../arm-none-eabi/lib/thumb/v7e-m/nofp/libg_nano.a(lib_a-nano-freer.o)
 .ARM.attributes
                0x00000000000004df       0x2e /home/gustavo/Aplicativos/gcc-arm-none-eabi-8-2018-q4-major/bin/../lib/gcc/arm-none-eabi/8.2.1/../../../../arm-none-eabi/lib/thumb/v7e-m/nofp/libg_nano.a(lib_a-nano-mallocr.o)
 .ARM.attributes
                0x000000000000050d       0x2e /home/gustavo/Aplicativos/gcc-arm-none-eabi-8-2018-q4-major/bin/../lib/gcc/arm-none-eabi/8.2.1/../../../../arm-none-eabi/lib/thumb/v7e-m/nofp/libg_nano.a(lib_a-nano-reallocr.o)
 .ARM.attributes
                0x000000000000053b       0x2e /home/gustavo/Aplicativos/gcc-arm-none-eabi-8-2018-q4-major/bin/../lib/gcc/arm-none-eabi/8.2.1/../../../../arm-none-eabi/lib/thumb/v7e-m/nofp/libg_nano.a(lib_a-sbrkr.o)
 .ARM.attributes
                0x0000000000000569       0x2e /home/gustavo/Aplicativos/gcc-arm-none-eabi-8-2018-q4-major/bin/../lib/gcc/arm-none-eabi/8.2.1/../../../../arm-none-eabi/lib/thumb/v7e-m/nofp/libg_nano.a(lib_a-mlock.o)
 .ARM.attributes
                0x0000000000000597       0x2e /home/gustavo/Aplicativos/gcc-arm-none-eabi-8-2018-q4-major/bin/../lib/gcc/arm-none-eabi/8.2.1/../../../../arm-none-eabi/lib/thumb/v7e-m/nofp/libg_nano.a(lib_a-nano-msizer.o)
 .ARM.attributes
                0x00000000000005c5       0x2e /home/gustavo/Aplicativos/gcc-arm-none-eabi-8-2018-q4-major/bin/../lib/gcc/arm-none-eabi/8.2.1/../../../../arm-none-eabi/lib/thumb/v7e-m/nofp/libg_nano.a(lib_a-lock.o)

.debug
 *(.debug)

.line
 *(.line)

.debug_srcinfo
 *(.debug_srcinfo)

.debug_sfnames
 *(.debug_sfnames)

.debug_aranges  0x0000000000000000      0x530
 *(.debug_aranges)
 .debug_aranges
                0x0000000000000000       0xc0 ./system/src/stm32f4-hal/stm32f4xx_hal.o
 .debug_aranges
                0x00000000000000c0       0x98 ./system/src/stm32f4-hal/stm32f4xx_hal_cortex.o
 .debug_aranges
                0x0000000000000158       0x58 ./system/src/stm32f4-hal/stm32f4xx_hal_gpio.o
 .debug_aranges
                0x00000000000001b0       0x88 ./system/src/stm32f4-hal/stm32f4xx_hal_rcc.o
 .debug_aranges
                0x0000000000000238       0x28 ./system/src/newlib/_exit.o
 .debug_aranges
                0x0000000000000260       0x20 ./system/src/newlib/_sbrk.o
 .debug_aranges
                0x0000000000000280       0x40 ./system/src/newlib/_startup.o
 .debug_aranges
                0x00000000000002c0       0x30 ./system/src/newlib/_syscalls.o
 .debug_aranges
                0x00000000000002f0       0x28 ./system/src/newlib/assert.o
 .debug_aranges
                0x0000000000000318       0x38 ./system/src/diag/Trace.o
 .debug_aranges
                0x0000000000000350       0x30 ./system/src/diag/trace_impl.o
 .debug_aranges
                0x0000000000000380       0x28 ./system/src/cortexm/_initialize_hardware.o
 .debug_aranges
                0x00000000000003a8       0x90 ./system/src/cortexm/exception_handlers.o
 .debug_aranges
                0x0000000000000438       0x28 ./system/src/cmsis/system_stm32f4xx.o
 .debug_aranges
                0x0000000000000460       0x20 ./system/src/cmsis/vectors_stm32f407xx.o
 .debug_aranges
                0x0000000000000480       0x28 ./src/_initialize_hardware.o
 .debug_aranges
                0x00000000000004a8       0x50 ./src/main.o
 .debug_aranges
                0x00000000000004f8       0x38 ./src/stm32f4xx_hal_msp.o

.debug_pubnames
 *(.debug_pubnames)

.debug_info     0x0000000000000000     0xf574
 *(.debug_info .gnu.linkonce.wi.*)
 .debug_info    0x0000000000000000     0x11fc ./system/src/stm32f4-hal/stm32f4xx_hal.o
 .debug_info    0x00000000000011fc     0x1b3b ./system/src/stm32f4-hal/stm32f4xx_hal_cortex.o
 .debug_info    0x0000000000002d37     0x11d9 ./system/src/stm32f4-hal/stm32f4xx_hal_gpio.o
 .debug_info    0x0000000000003f10     0x19ab ./system/src/stm32f4-hal/stm32f4xx_hal_rcc.o
 .debug_info    0x00000000000058bb      0x9e7 ./system/src/newlib/_exit.o
 .debug_info    0x00000000000062a2      0x9d4 ./system/src/newlib/_sbrk.o
 .debug_info    0x0000000000006c76      0x591 ./system/src/newlib/_startup.o
 .debug_info    0x0000000000007207      0xab9 ./system/src/newlib/_syscalls.o
 .debug_info    0x0000000000007cc0      0xaaa ./system/src/newlib/assert.o
 .debug_info    0x000000000000876a      0xbdb ./system/src/diag/Trace.o
 .debug_info    0x0000000000009345      0xc46 ./system/src/diag/trace_impl.o
 .debug_info    0x0000000000009f8b      0xb7f ./system/src/cortexm/_initialize_hardware.o
 .debug_info    0x000000000000ab0a     0x1296 ./system/src/cortexm/exception_handlers.o
 .debug_info    0x000000000000bda0      0xdad ./system/src/cmsis/system_stm32f4xx.o
 .debug_info    0x000000000000cb4d       0xce ./system/src/cmsis/vectors_stm32f407xx.o
 .debug_info    0x000000000000cc1b      0xdd6 ./src/_initialize_hardware.o
 .debug_info    0x000000000000d9f1     0x11ec ./src/main.o
 .debug_info    0x000000000000ebdd      0x997 ./src/stm32f4xx_hal_msp.o

.debug_abbrev   0x0000000000000000     0x303b
 *(.debug_abbrev)
 .debug_abbrev  0x0000000000000000      0x384 ./system/src/stm32f4-hal/stm32f4xx_hal.o
 .debug_abbrev  0x0000000000000384      0x479 ./system/src/stm32f4-hal/stm32f4xx_hal_cortex.o
 .debug_abbrev  0x00000000000007fd      0x32f ./system/src/stm32f4-hal/stm32f4xx_hal_gpio.o
 .debug_abbrev  0x0000000000000b2c      0x404 ./system/src/stm32f4-hal/stm32f4xx_hal_rcc.o
 .debug_abbrev  0x0000000000000f30      0x222 ./system/src/newlib/_exit.o
 .debug_abbrev  0x0000000000001152      0x232 ./system/src/newlib/_sbrk.o
 .debug_abbrev  0x0000000000001384      0x203 ./system/src/newlib/_startup.o
 .debug_abbrev  0x0000000000001587      0x26d ./system/src/newlib/_syscalls.o
 .debug_abbrev  0x00000000000017f4      0x222 ./system/src/newlib/assert.o
 .debug_abbrev  0x0000000000001a16      0x2c6 ./system/src/diag/Trace.o
 .debug_abbrev  0x0000000000001cdc      0x34e ./system/src/diag/trace_impl.o
 .debug_abbrev  0x000000000000202a      0x20a ./system/src/cortexm/_initialize_hardware.o
 .debug_abbrev  0x0000000000002234      0x372 ./system/src/cortexm/exception_handlers.o
 .debug_abbrev  0x00000000000025a6      0x250 ./system/src/cmsis/system_stm32f4xx.o
 .debug_abbrev  0x00000000000027f6       0xa5 ./system/src/cmsis/vectors_stm32f407xx.o
 .debug_abbrev  0x000000000000289b      0x25d ./src/_initialize_hardware.o
 .debug_abbrev  0x0000000000002af8      0x36a ./src/main.o
 .debug_abbrev  0x0000000000002e62      0x1d9 ./src/stm32f4xx_hal_msp.o

.debug_line     0x0000000000000000     0xb06f
 *(.debug_line)
 .debug_line    0x0000000000000000      0xceb ./system/src/stm32f4-hal/stm32f4xx_hal.o
 .debug_line    0x0000000000000ceb     0x1021 ./system/src/stm32f4-hal/stm32f4xx_hal_cortex.o
 .debug_line    0x0000000000001d0c     0x10b9 ./system/src/stm32f4-hal/stm32f4xx_hal_gpio.o
 .debug_line    0x0000000000002dc5     0x159e ./system/src/stm32f4-hal/stm32f4xx_hal_rcc.o
 .debug_line    0x0000000000004363      0x37a ./system/src/newlib/_exit.o
 .debug_line    0x00000000000046dd      0x36b ./system/src/newlib/_sbrk.o
 .debug_line    0x0000000000004a48      0x5e4 ./system/src/newlib/_startup.o
 .debug_line    0x000000000000502c      0x480 ./system/src/newlib/_syscalls.o
 .debug_line    0x00000000000054ac      0x3bd ./system/src/newlib/assert.o
 .debug_line    0x0000000000005869      0x456 ./system/src/diag/Trace.o
 .debug_line    0x0000000000005cbf      0xba1 ./system/src/diag/trace_impl.o
 .debug_line    0x0000000000006860      0xa9d ./system/src/cortexm/_initialize_hardware.o
 .debug_line    0x00000000000072fd      0xd83 ./system/src/cortexm/exception_handlers.o
 .debug_line    0x0000000000008080      0xb60 ./system/src/cmsis/system_stm32f4xx.o
 .debug_line    0x0000000000008be0      0x116 ./system/src/cmsis/vectors_stm32f407xx.o
 .debug_line    0x0000000000008cf6      0xafc ./src/_initialize_hardware.o
 .debug_line    0x00000000000097f2      0xdef ./src/main.o
 .debug_line    0x000000000000a5e1      0xa8e ./src/stm32f4xx_hal_msp.o

.debug_frame    0x0000000000000000      0xe5c
 *(.debug_frame)
 .debug_frame   0x0000000000000000      0x188 ./system/src/stm32f4-hal/stm32f4xx_hal.o
 .debug_frame   0x0000000000000188      0x17c ./system/src/stm32f4-hal/stm32f4xx_hal_cortex.o
 .debug_frame   0x0000000000000304       0xfc ./system/src/stm32f4-hal/stm32f4xx_hal_gpio.o
 .debug_frame   0x0000000000000400      0x13c ./system/src/stm32f4-hal/stm32f4xx_hal_rcc.o
 .debug_frame   0x000000000000053c       0x38 ./system/src/newlib/_exit.o
 .debug_frame   0x0000000000000574       0x28 ./system/src/newlib/_sbrk.o
 .debug_frame   0x000000000000059c       0x7c ./system/src/newlib/_startup.o
 .debug_frame   0x0000000000000618       0x50 ./system/src/newlib/_syscalls.o
 .debug_frame   0x0000000000000668       0x40 ./system/src/newlib/assert.o
 .debug_frame   0x00000000000006a8       0x94 ./system/src/diag/Trace.o
 .debug_frame   0x000000000000073c       0x64 ./system/src/diag/trace_impl.o
 .debug_frame   0x00000000000007a0       0x40 ./system/src/cortexm/_initialize_hardware.o
 .debug_frame   0x00000000000007e0      0x158 ./system/src/cortexm/exception_handlers.o
 .debug_frame   0x0000000000000938       0x30 ./system/src/cmsis/system_stm32f4xx.o
 .debug_frame   0x0000000000000968       0x20 ./system/src/cmsis/vectors_stm32f407xx.o
 .debug_frame   0x0000000000000988       0x48 ./src/_initialize_hardware.o
 .debug_frame   0x00000000000009d0       0xc0 ./src/main.o
 .debug_frame   0x0000000000000a90       0x50 ./src/stm32f4xx_hal_msp.o
 .debug_frame   0x0000000000000ae0       0x20 /home/gustavo/Aplicativos/gcc-arm-none-eabi-8-2018-q4-major/bin/../lib/gcc/arm-none-eabi/8.2.1/../../../../arm-none-eabi/lib/thumb/v7e-m/nofp/libg_nano.a(lib_a-errno.o)
 .debug_frame   0x0000000000000b00       0x4c /home/gustavo/Aplicativos/gcc-arm-none-eabi-8-2018-q4-major/bin/../lib/gcc/arm-none-eabi/8.2.1/../../../../arm-none-eabi/lib/thumb/v7e-m/nofp/libg_nano.a(lib_a-vsnprintf.o)
 .debug_frame   0x0000000000000b4c       0x90 /home/gustavo/Aplicativos/gcc-arm-none-eabi-8-2018-q4-major/bin/../lib/gcc/arm-none-eabi/8.2.1/../../../../arm-none-eabi/lib/thumb/v7e-m/nofp/libg_nano.a(lib_a-nano-svfprintf.o)
 .debug_frame   0x0000000000000bdc       0x60 /home/gustavo/Aplicativos/gcc-arm-none-eabi-8-2018-q4-major/bin/../lib/gcc/arm-none-eabi/8.2.1/../../../../arm-none-eabi/lib/thumb/v7e-m/nofp/libg_nano.a(lib_a-nano-vfprintf_i.o)
 .debug_frame   0x0000000000000c3c       0x28 /home/gustavo/Aplicativos/gcc-arm-none-eabi-8-2018-q4-major/bin/../lib/gcc/arm-none-eabi/8.2.1/../../../../arm-none-eabi/lib/thumb/v7e-m/nofp/libg_nano.a(lib_a-memcpy-stub.o)
 .debug_frame   0x0000000000000c64       0x28 /home/gustavo/Aplicativos/gcc-arm-none-eabi-8-2018-q4-major/bin/../lib/gcc/arm-none-eabi/8.2.1/../../../../arm-none-eabi/lib/thumb/v7e-m/nofp/libg_nano.a(lib_a-memmove.o)
 .debug_frame   0x0000000000000c8c       0x38 /home/gustavo/Aplicativos/gcc-arm-none-eabi-8-2018-q4-major/bin/../lib/gcc/arm-none-eabi/8.2.1/../../../../arm-none-eabi/lib/thumb/v7e-m/nofp/libg_nano.a(lib_a-nano-freer.o)
 .debug_frame   0x0000000000000cc4       0x30 /home/gustavo/Aplicativos/gcc-arm-none-eabi-8-2018-q4-major/bin/../lib/gcc/arm-none-eabi/8.2.1/../../../../arm-none-eabi/lib/thumb/v7e-m/nofp/libg_nano.a(lib_a-nano-mallocr.o)
 .debug_frame   0x0000000000000cf4       0x3c /home/gustavo/Aplicativos/gcc-arm-none-eabi-8-2018-q4-major/bin/../lib/gcc/arm-none-eabi/8.2.1/../../../../arm-none-eabi/lib/thumb/v7e-m/nofp/libg_nano.a(lib_a-nano-reallocr.o)
 .debug_frame   0x0000000000000d30       0x2c /home/gustavo/Aplicativos/gcc-arm-none-eabi-8-2018-q4-major/bin/../lib/gcc/arm-none-eabi/8.2.1/../../../../arm-none-eabi/lib/thumb/v7e-m/nofp/libg_nano.a(lib_a-sbrkr.o)
 .debug_frame   0x0000000000000d5c       0x30 /home/gustavo/Aplicativos/gcc-arm-none-eabi-8-2018-q4-major/bin/../lib/gcc/arm-none-eabi/8.2.1/../../../../arm-none-eabi/lib/thumb/v7e-m/nofp/libg_nano.a(lib_a-mlock.o)
 .debug_frame   0x0000000000000d8c       0x20 /home/gustavo/Aplicativos/gcc-arm-none-eabi-8-2018-q4-major/bin/../lib/gcc/arm-none-eabi/8.2.1/../../../../arm-none-eabi/lib/thumb/v7e-m/nofp/libg_nano.a(lib_a-nano-msizer.o)
 .debug_frame   0x0000000000000dac       0xb0 /home/gustavo/Aplicativos/gcc-arm-none-eabi-8-2018-q4-major/bin/../lib/gcc/arm-none-eabi/8.2.1/../../../../arm-none-eabi/lib/thumb/v7e-m/nofp/libg_nano.a(lib_a-lock.o)

.debug_str      0x0000000000000000    0x9bf50
 *(.debug_str)
 .debug_str     0x0000000000000000    0x97bf3 ./system/src/stm32f4-hal/stm32f4xx_hal.o
                                      0x9802e (size before relaxing)
 .debug_str     0x0000000000097bf3      0x396 ./system/src/stm32f4-hal/stm32f4xx_hal_cortex.o
                                      0x97eaa (size before relaxing)
 .debug_str     0x0000000000097f89      0x2dd ./system/src/stm32f4-hal/stm32f4xx_hal_gpio.o
                                      0x978bb (size before relaxing)
 .debug_str     0x0000000000098266      0x393 ./system/src/stm32f4-hal/stm32f4xx_hal_rcc.o
                                      0x97a49 (size before relaxing)
 .debug_str     0x00000000000985f9     0x10ff ./system/src/newlib/_exit.o
                                       0x7e96 (size before relaxing)
 .debug_str     0x00000000000996f8      0x4f5 ./system/src/newlib/_sbrk.o
                                       0x7248 (size before relaxing)
 .debug_str     0x0000000000099bed      0x2c6 ./system/src/newlib/_startup.o
                                       0x69e9 (size before relaxing)
 .debug_str     0x0000000000099eb3      0xf90 ./system/src/newlib/_syscalls.o
                                       0x8237 (size before relaxing)
 .debug_str     0x000000000009ae43       0xd0 ./system/src/newlib/assert.o
                                       0x899b (size before relaxing)
 .debug_str     0x000000000009af13      0x176 ./system/src/diag/Trace.o
                                       0x860e (size before relaxing)
 .debug_str     0x000000000009b089      0x37b ./system/src/diag/trace_impl.o
                                      0x987d8 (size before relaxing)
 .debug_str     0x000000000009b404       0x5e ./system/src/cortexm/_initialize_hardware.o
                                      0x9756a (size before relaxing)
 .debug_str     0x000000000009b462      0x19d ./system/src/cortexm/exception_handlers.o
                                      0x98962 (size before relaxing)
 .debug_str     0x000000000009b5ff       0x46 ./system/src/cmsis/system_stm32f4xx.o
                                      0x97639 (size before relaxing)
 .debug_str     0x000000000009b645       0x59 ./system/src/cmsis/vectors_stm32f407xx.o
                                       0x3930 (size before relaxing)
 .debug_str     0x000000000009b69e       0x31 ./src/_initialize_hardware.o
                                      0x9774f (size before relaxing)
 .debug_str     0x000000000009b6cf      0x844 ./src/main.o
                                      0x98f5f (size before relaxing)
 .debug_str     0x000000000009bf13       0x3d ./src/stm32f4xx_hal_msp.o
                                      0x974b2 (size before relaxing)

.debug_loc      0x0000000000000000     0x27da
 *(.debug_loc)
 .debug_loc     0x0000000000000000       0xdb ./system/src/stm32f4-hal/stm32f4xx_hal.o
 .debug_loc     0x00000000000000db      0x8cf ./system/src/stm32f4-hal/stm32f4xx_hal_cortex.o
 .debug_loc     0x00000000000009aa      0x683 ./system/src/stm32f4-hal/stm32f4xx_hal_gpio.o
 .debug_loc     0x000000000000102d      0x7a1 ./system/src/stm32f4-hal/stm32f4xx_hal_rcc.o
 .debug_loc     0x00000000000017ce       0x15 ./system/src/newlib/_exit.o
 .debug_loc     0x00000000000017e3       0x97 ./system/src/newlib/_sbrk.o
 .debug_loc     0x000000000000187a      0x465 ./system/src/newlib/_startup.o
 .debug_loc     0x0000000000001cdf       0x6f ./system/src/newlib/_syscalls.o
 .debug_loc     0x0000000000001d4e      0x160 ./system/src/newlib/assert.o
 .debug_loc     0x0000000000001eae      0x118 ./system/src/diag/Trace.o
 .debug_loc     0x0000000000001fc6      0x1a1 ./system/src/diag/trace_impl.o
 .debug_loc     0x0000000000002167      0x35c ./system/src/cortexm/exception_handlers.o
 .debug_loc     0x00000000000024c3      0x16c ./system/src/cmsis/system_stm32f4xx.o
 .debug_loc     0x000000000000262f      0x1ab ./src/main.o

.debug_macinfo
 *(.debug_macinfo)

.debug_weaknames
 *(.debug_weaknames)

.debug_funcnames
 *(.debug_funcnames)

.debug_typenames
 *(.debug_typenames)

.debug_varnames
 *(.debug_varnames)
OUTPUT(protothreads.elf elf32-littlearm)

.debug_ranges   0x0000000000000000      0x548
 .debug_ranges  0x0000000000000000       0xb0 ./system/src/stm32f4-hal/stm32f4xx_hal.o
 .debug_ranges  0x00000000000000b0       0xe8 ./system/src/stm32f4-hal/stm32f4xx_hal_cortex.o
 .debug_ranges  0x0000000000000198       0x48 ./system/src/stm32f4-hal/stm32f4xx_hal_gpio.o
 .debug_ranges  0x00000000000001e0       0x78 ./system/src/stm32f4-hal/stm32f4xx_hal_rcc.o
 .debug_ranges  0x0000000000000258       0x18 ./system/src/newlib/_exit.o
 .debug_ranges  0x0000000000000270       0x10 ./system/src/newlib/_sbrk.o
 .debug_ranges  0x0000000000000280       0x78 ./system/src/newlib/_startup.o
 .debug_ranges  0x00000000000002f8       0x20 ./system/src/newlib/_syscalls.o
 .debug_ranges  0x0000000000000318       0x18 ./system/src/newlib/assert.o
 .debug_ranges  0x0000000000000330       0x28 ./system/src/diag/Trace.o
 .debug_ranges  0x0000000000000358       0x38 ./system/src/diag/trace_impl.o
 .debug_ranges  0x0000000000000390       0x18 ./system/src/cortexm/_initialize_hardware.o
 .debug_ranges  0x00000000000003a8       0x98 ./system/src/cortexm/exception_handlers.o
 .debug_ranges  0x0000000000000440       0x18 ./system/src/cmsis/system_stm32f4xx.o
 .debug_ranges  0x0000000000000458       0x10 ./system/src/cmsis/vectors_stm32f407xx.o
 .debug_ranges  0x0000000000000468       0x18 ./src/_initialize_hardware.o
 .debug_ranges  0x0000000000000480       0xa0 ./src/main.o
 .debug_ranges  0x0000000000000520       0x28 ./src/stm32f4xx_hal_msp.o

.debug_macro    0x0000000000000000    0x1c1a6
 .debug_macro   0x0000000000000000      0x558 ./system/src/stm32f4-hal/stm32f4xx_hal.o
 .debug_macro   0x0000000000000558      0xaa2 ./system/src/stm32f4-hal/stm32f4xx_hal.o
 .debug_macro   0x0000000000000ffa      0x289 ./system/src/stm32f4-hal/stm32f4xx_hal.o
 .debug_macro   0x0000000000001283       0x31 ./system/src/stm32f4-hal/stm32f4xx_hal.o
 .debug_macro   0x00000000000012b4       0x28 ./system/src/stm32f4-hal/stm32f4xx_hal.o
 .debug_macro   0x00000000000012dc      0x34e ./system/src/stm32f4-hal/stm32f4xx_hal.o
 .debug_macro   0x000000000000162a       0x35 ./system/src/stm32f4-hal/stm32f4xx_hal.o
 .debug_macro   0x000000000000165f       0x50 ./system/src/stm32f4-hal/stm32f4xx_hal.o
 .debug_macro   0x00000000000016af      0xe66 ./system/src/stm32f4-hal/stm32f4xx_hal.o
 .debug_macro   0x0000000000002515     0x93f9 ./system/src/stm32f4-hal/stm32f4xx_hal.o
 .debug_macro   0x000000000000b90e       0x43 ./system/src/stm32f4-hal/stm32f4xx_hal.o
 .debug_macro   0x000000000000b951     0x347f ./system/src/stm32f4-hal/stm32f4xx_hal.o
 .debug_macro   0x000000000000edd0       0x22 ./system/src/stm32f4-hal/stm32f4xx_hal.o
 .debug_macro   0x000000000000edf2       0x58 ./system/src/stm32f4-hal/stm32f4xx_hal.o
 .debug_macro   0x000000000000ee4a       0x18 ./system/src/stm32f4-hal/stm32f4xx_hal.o
 .debug_macro   0x000000000000ee62       0x94 ./system/src/stm32f4-hal/stm32f4xx_hal.o
 .debug_macro   0x000000000000eef6       0x35 ./system/src/stm32f4-hal/stm32f4xx_hal.o
 .debug_macro   0x000000000000ef2b       0x34 ./system/src/stm32f4-hal/stm32f4xx_hal.o
 .debug_macro   0x000000000000ef5f       0x16 ./system/src/stm32f4-hal/stm32f4xx_hal.o
 .debug_macro   0x000000000000ef75       0x57 ./system/src/stm32f4-hal/stm32f4xx_hal.o
 .debug_macro   0x000000000000efcc       0x97 ./system/src/stm32f4-hal/stm32f4xx_hal.o
 .debug_macro   0x000000000000f063      0x339 ./system/src/stm32f4-hal/stm32f4xx_hal.o
 .debug_macro   0x000000000000f39c       0xfd ./system/src/stm32f4-hal/stm32f4xx_hal.o
 .debug_macro   0x000000000000f499       0x10 ./system/src/stm32f4-hal/stm32f4xx_hal.o
 .debug_macro   0x000000000000f4a9       0x58 ./system/src/stm32f4-hal/stm32f4xx_hal.o
 .debug_macro   0x000000000000f501       0x1f ./system/src/stm32f4-hal/stm32f4xx_hal.o
 .debug_macro   0x000000000000f520       0x43 ./system/src/stm32f4-hal/stm32f4xx_hal.o
 .debug_macro   0x000000000000f563       0x20 ./system/src/stm32f4-hal/stm32f4xx_hal.o
 .debug_macro   0x000000000000f583      0x18e ./system/src/stm32f4-hal/stm32f4xx_hal.o
 .debug_macro   0x000000000000f711       0x10 ./system/src/stm32f4-hal/stm32f4xx_hal.o
 .debug_macro   0x000000000000f721       0x6a ./system/src/stm32f4-hal/stm32f4xx_hal.o
 .debug_macro   0x000000000000f78b       0x1c ./system/src/stm32f4-hal/stm32f4xx_hal.o
 .debug_macro   0x000000000000f7a7       0x52 ./system/src/stm32f4-hal/stm32f4xx_hal.o
 .debug_macro   0x000000000000f7f9       0x40 ./system/src/stm32f4-hal/stm32f4xx_hal.o
 .debug_macro   0x000000000000f839       0x10 ./system/src/stm32f4-hal/stm32f4xx_hal.o
 .debug_macro   0x000000000000f849       0x40 ./system/src/stm32f4-hal/stm32f4xx_hal.o
 .debug_macro   0x000000000000f889       0xd7 ./system/src/stm32f4-hal/stm32f4xx_hal.o
 .debug_macro   0x000000000000f960       0x1c ./system/src/stm32f4-hal/stm32f4xx_hal.o
 .debug_macro   0x000000000000f97c       0x3d ./system/src/stm32f4-hal/stm32f4xx_hal.o
 .debug_macro   0x000000000000f9b9       0x16 ./system/src/stm32f4-hal/stm32f4xx_hal.o
 .debug_macro   0x000000000000f9cf      0x16f ./system/src/stm32f4-hal/stm32f4xx_hal.o
 .debug_macro   0x000000000000fb3e       0x57 ./system/src/stm32f4-hal/stm32f4xx_hal.o
 .debug_macro   0x000000000000fb95      0x964 ./system/src/stm32f4-hal/stm32f4xx_hal.o
 .debug_macro   0x00000000000104f9      0x9e1 ./system/src/stm32f4-hal/stm32f4xx_hal.o
 .debug_macro   0x0000000000010eda      0x11e ./system/src/stm32f4-hal/stm32f4xx_hal.o
 .debug_macro   0x0000000000010ff8      0x13e ./system/src/stm32f4-hal/stm32f4xx_hal.o
 .debug_macro   0x0000000000011136       0x27 ./system/src/stm32f4-hal/stm32f4xx_hal.o
 .debug_macro   0x000000000001115d      0x287 ./system/src/stm32f4-hal/stm32f4xx_hal.o
 .debug_macro   0x00000000000113e4       0x5f ./system/src/stm32f4-hal/stm32f4xx_hal.o
 .debug_macro   0x0000000000011443      0x23a ./system/src/stm32f4-hal/stm32f4xx_hal.o
 .debug_macro   0x000000000001167d      0x391 ./system/src/stm32f4-hal/stm32f4xx_hal.o
 .debug_macro   0x0000000000011a0e      0x16f ./system/src/stm32f4-hal/stm32f4xx_hal.o
 .debug_macro   0x0000000000011b7d       0xf9 ./system/src/stm32f4-hal/stm32f4xx_hal.o
 .debug_macro   0x0000000000011c76      0x36e ./system/src/stm32f4-hal/stm32f4xx_hal.o
 .debug_macro   0x0000000000011fe4       0x23 ./system/src/stm32f4-hal/stm32f4xx_hal.o
 .debug_macro   0x0000000000012007       0xe6 ./system/src/stm32f4-hal/stm32f4xx_hal.o
 .debug_macro   0x00000000000120ed       0xa1 ./system/src/stm32f4-hal/stm32f4xx_hal.o
 .debug_macro   0x000000000001218e       0x3c ./system/src/stm32f4-hal/stm32f4xx_hal.o
 .debug_macro   0x00000000000121ca       0x1f ./system/src/stm32f4-hal/stm32f4xx_hal.o
 .debug_macro   0x00000000000121e9      0x1cd ./system/src/stm32f4-hal/stm32f4xx_hal.o
 .debug_macro   0x00000000000123b6      0xcd6 ./system/src/stm32f4-hal/stm32f4xx_hal.o
 .debug_macro   0x000000000001308c      0x13a ./system/src/stm32f4-hal/stm32f4xx_hal.o
 .debug_macro   0x00000000000131c6      0x21e ./system/src/stm32f4-hal/stm32f4xx_hal.o
 .debug_macro   0x00000000000133e4       0x2e ./system/src/stm32f4-hal/stm32f4xx_hal.o
 .debug_macro   0x0000000000013412      0x543 ./system/src/stm32f4-hal/stm32f4xx_hal.o
 .debug_macro   0x0000000000013955       0x88 ./system/src/stm32f4-hal/stm32f4xx_hal.o
 .debug_macro   0x00000000000139dd       0xd5 ./system/src/stm32f4-hal/stm32f4xx_hal.o
 .debug_macro   0x0000000000013ab2      0x183 ./system/src/stm32f4-hal/stm32f4xx_hal.o
 .debug_macro   0x0000000000013c35      0x1a7 ./system/src/stm32f4-hal/stm32f4xx_hal.o
 .debug_macro   0x0000000000013ddc       0xa5 ./system/src/stm32f4-hal/stm32f4xx_hal.o
 .debug_macro   0x0000000000013e81      0x18b ./system/src/stm32f4-hal/stm32f4xx_hal.o
 .debug_macro   0x000000000001400c       0x24 ./system/src/stm32f4-hal/stm32f4xx_hal.o
 .debug_macro   0x0000000000014030       0x35 ./system/src/stm32f4-hal/stm32f4xx_hal.o
 .debug_macro   0x0000000000014065       0x79 ./system/src/stm32f4-hal/stm32f4xx_hal.o
 .debug_macro   0x00000000000140de      0x11e ./system/src/stm32f4-hal/stm32f4xx_hal.o
 .debug_macro   0x00000000000141fc       0x7f ./system/src/stm32f4-hal/stm32f4xx_hal.o
 .debug_macro   0x000000000001427b       0x89 ./system/src/stm32f4-hal/stm32f4xx_hal.o
 .debug_macro   0x0000000000014304       0x7e ./system/src/stm32f4-hal/stm32f4xx_hal.o
 .debug_macro   0x0000000000014382      0x31a ./system/src/stm32f4-hal/stm32f4xx_hal.o
 .debug_macro   0x000000000001469c      0x409 ./system/src/stm32f4-hal/stm32f4xx_hal.o
 .debug_macro   0x0000000000014aa5       0xe4 ./system/src/stm32f4-hal/stm32f4xx_hal.o
 .debug_macro   0x0000000000014b89      0x48d ./system/src/stm32f4-hal/stm32f4xx_hal.o
 .debug_macro   0x0000000000015016      0x22b ./system/src/stm32f4-hal/stm32f4xx_hal.o
 .debug_macro   0x0000000000015241      0x202 ./system/src/stm32f4-hal/stm32f4xx_hal.o
 .debug_macro   0x0000000000015443      0x6d9 ./system/src/stm32f4-hal/stm32f4xx_hal.o
 .debug_macro   0x0000000000015b1c       0x5b ./system/src/stm32f4-hal/stm32f4xx_hal.o
 .debug_macro   0x0000000000015b77      0x14d ./system/src/stm32f4-hal/stm32f4xx_hal.o
 .debug_macro   0x0000000000015cc4      0x287 ./system/src/stm32f4-hal/stm32f4xx_hal.o
 .debug_macro   0x0000000000015f4b      0x225 ./system/src/stm32f4-hal/stm32f4xx_hal.o
 .debug_macro   0x0000000000016170      0x1b5 ./system/src/stm32f4-hal/stm32f4xx_hal.o
 .debug_macro   0x0000000000016325      0x2db ./system/src/stm32f4-hal/stm32f4xx_hal.o
 .debug_macro   0x0000000000016600       0x89 ./system/src/stm32f4-hal/stm32f4xx_hal.o
 .debug_macro   0x0000000000016689      0x1df ./system/src/stm32f4-hal/stm32f4xx_hal.o
 .debug_macro   0x0000000000016868      0x115 ./system/src/stm32f4-hal/stm32f4xx_hal.o
 .debug_macro   0x000000000001697d       0x6e ./system/src/stm32f4-hal/stm32f4xx_hal.o
 .debug_macro   0x00000000000169eb      0x125 ./system/src/stm32f4-hal/stm32f4xx_hal.o
 .debug_macro   0x0000000000016b10      0x50a ./system/src/stm32f4-hal/stm32f4xx_hal_cortex.o
 .debug_macro   0x000000000001701a      0x542 ./system/src/stm32f4-hal/stm32f4xx_hal_gpio.o
 .debug_macro   0x000000000001755c      0x534 ./system/src/stm32f4-hal/stm32f4xx_hal_rcc.o
 .debug_macro   0x0000000000017a90      0x1b4 ./system/src/newlib/_exit.o
 .debug_macro   0x0000000000017c44      0x10e ./system/src/newlib/_exit.o
 .debug_macro   0x0000000000017d52       0x8d ./system/src/newlib/_exit.o
 .debug_macro   0x0000000000017ddf       0x35 ./system/src/newlib/_exit.o
 .debug_macro   0x0000000000017e14      0x169 ./system/src/newlib/_sbrk.o
 .debug_macro   0x0000000000017f7d      0x174 ./system/src/newlib/_sbrk.o
 .debug_macro   0x00000000000180f1       0x10 ./system/src/newlib/_sbrk.o
 .debug_macro   0x0000000000018101      0x23b ./system/src/newlib/_sbrk.o
 .debug_macro   0x000000000001833c      0x173 ./system/src/newlib/_startup.o
 .debug_macro   0x00000000000184af      0xaa8 ./system/src/newlib/_startup.o
 .debug_macro   0x0000000000018f57      0x226 ./system/src/newlib/_syscalls.o
 .debug_macro   0x000000000001917d       0x1c ./system/src/newlib/_syscalls.o
 .debug_macro   0x0000000000019199       0x10 ./system/src/newlib/_syscalls.o
 .debug_macro   0x00000000000191a9       0x10 ./system/src/newlib/_syscalls.o
 .debug_macro   0x00000000000191b9       0x10 ./system/src/newlib/_syscalls.o
 .debug_macro   0x00000000000191c9       0x35 ./system/src/newlib/_syscalls.o
 .debug_macro   0x00000000000191fe      0x122 ./system/src/newlib/_syscalls.o
 .debug_macro   0x0000000000019320       0x88 ./system/src/newlib/_syscalls.o
 .debug_macro   0x00000000000193a8       0x7c ./system/src/newlib/_syscalls.o
 .debug_macro   0x0000000000019424       0x17 ./system/src/newlib/_syscalls.o
 .debug_macro   0x000000000001943b      0x118 ./system/src/newlib/_syscalls.o
 .debug_macro   0x0000000000019553      0x189 ./system/src/newlib/_syscalls.o
 .debug_macro   0x00000000000196dc       0x16 ./system/src/newlib/_syscalls.o
 .debug_macro   0x00000000000196f2      0x1d0 ./system/src/newlib/assert.o
 .debug_macro   0x00000000000198c2       0x1c ./system/src/newlib/assert.o
 .debug_macro   0x00000000000198de      0x1fb ./system/src/diag/Trace.o
 .debug_macro   0x0000000000019ad9       0x4c ./system/src/diag/Trace.o
 .debug_macro   0x0000000000019b25       0x16 ./system/src/diag/Trace.o
 .debug_macro   0x0000000000019b3b      0x550 ./system/src/diag/trace_impl.o
 .debug_macro   0x000000000001a08b       0x22 ./system/src/diag/trace_impl.o
 .debug_macro   0x000000000001a0ad      0x514 ./system/src/cortexm/_initialize_hardware.o
 .debug_macro   0x000000000001a5c1      0x57d ./system/src/cortexm/exception_handlers.o
 .debug_macro   0x000000000001ab3e       0x3b ./system/src/cortexm/exception_handlers.o
 .debug_macro   0x000000000001ab79      0x510 ./system/src/cmsis/system_stm32f4xx.o
 .debug_macro   0x000000000001b089       0x34 ./system/src/cmsis/vectors_stm32f407xx.o
 .debug_macro   0x000000000001b0bd      0x50a ./src/_initialize_hardware.o
 .debug_macro   0x000000000001b5c7      0x5f3 ./src/main.o
 .debug_macro   0x000000000001bbba       0x34 ./src/main.o
 .debug_macro   0x000000000001bbee       0x22 ./src/main.o
 .debug_macro   0x000000000001bc10       0x73 ./src/main.o
 .debug_macro   0x000000000001bc83       0x19 ./src/main.o
 .debug_macro   0x000000000001bc9c      0x50a ./src/stm32f4xx_hal_msp.o
